// Jest Snapshot v1, https://goo.gl/fbAQLP

exports[`ProductDetail should render correctly 1`] = `ShallowWrapper {}`;
