// Jest Snapshot v1, https://goo.gl/fbAQLP

exports[`SearchItemsContainer should render correctly 1`] = `ShallowWrapper {}`;
