// Jest Snapshot v1, https://goo.gl/fbAQLP

exports[`ItemDetailContainer should render correctly 1`] = `ShallowWrapper {}`;
